

================================================================
== Vitis HLS Report for 'video_gray_live'
================================================================
* Date:           Thu May  7 17:54:22 2026

* Version:        2023.2 (Build 4023990 on Oct 11 2023)
* Project:        video_gray_live_prj
* Solution:       solution1 (Vivado IP Flow Target)
* Product family: zynq
* Target device:  xc7z020-clg400-1


================================================================
== Performance Estimates
================================================================
+ Timing: 
    * Summary: 
    +--------+----------+----------+------------+
    |  Clock |  Target  | Estimated| Uncertainty|
    +--------+----------+----------+------------+
    |ap_clk  |  10.00 ns|  4.908 ns|     2.70 ns|
    +--------+----------+----------+------------+

+ Latency: 
    * Summary: 
    +---------+---------+----------+----------+-----+-----+---------+
    |  Latency (cycles) |  Latency (absolute) |  Interval | Pipeline|
    |   min   |   max   |    min   |    max   | min | max |   Type  |
    +---------+---------+----------+----------+-----+-----+---------+
    |        ?|        ?|         ?|         ?|    ?|    ?|       no|
    +---------+---------+----------+----------+-----+-----+---------+

    + Detail: 
        * Instance: 
        N/A

        * Loop: 
        +-------------------+---------+---------+----------+-----------+-----------+------+----------+
        |                   |  Latency (cycles) | Iteration|  Initiation Interval  | Trip |          |
        |     Loop Name     |   min   |   max   |  Latency |  achieved |   target  | Count| Pipelined|
        +-------------------+---------+---------+----------+-----------+-----------+------+----------+
        |- VITIS_LOOP_31_1  |        ?|        ?|         2|          1|          1|   inf|       yes|
        +-------------------+---------+---------+----------+-----------+-----------+------+----------+



================================================================
== Utilization Estimates
================================================================
* Summary: 
+-----------------+---------+-----+--------+-------+-----+
|       Name      | BRAM_18K| DSP |   FF   |  LUT  | URAM|
+-----------------+---------+-----+--------+-------+-----+
|DSP              |        -|    -|       -|      -|    -|
|Expression       |        -|    -|       0|     25|    -|
|FIFO             |        -|    -|       -|      -|    -|
|Instance         |        -|    -|       -|      -|    -|
|Memory           |        -|    -|       -|      -|    -|
|Multiplexer      |        -|    -|       -|     41|    -|
|Register         |        -|    -|       4|      -|    -|
+-----------------+---------+-----+--------+-------+-----+
|Total            |        0|    0|       4|     66|    0|
+-----------------+---------+-----+--------+-------+-----+
|Available        |      280|  220|  106400|  53200|    0|
+-----------------+---------+-----+--------+-------+-----+
|Utilization (%)  |        0|    0|      ~0|     ~0|    0|
+-----------------+---------+-----+--------+-------+-----+

+ Detail: 
    * Instance: 
    N/A

    * DSP: 
    N/A

    * Memory: 
    N/A

    * FIFO: 
    N/A

    * Expression: 
    +----------------------------------+----------+----+---+----+------------+------------+
    |           Variable Name          | Operation| DSP| FF| LUT| Bitwidth P0| Bitwidth P1|
    +----------------------------------+----------+----+---+----+------------+------------+
    |curr_bin_fu_167_p2                |      icmp|   0|  0|  15|           8|           7|
    |ap_block_pp0_stage0_01001         |        or|   0|  0|   2|           1|           1|
    |ap_block_pp0_stage0_11001         |        or|   0|  0|   2|           1|           1|
    |ap_block_state2_pp0_stage0_iter0  |        or|   0|  0|   2|           1|           1|
    |select_ln56_fu_173_p3             |    select|   0|  0|   2|           1|           2|
    |ap_enable_pp0                     |       xor|   0|  0|   2|           1|           2|
    +----------------------------------+----------+----+---+----+------------+------------+
    |Total                             |          |   0|  0|  25|          13|          14|
    +----------------------------------+----------+----+---+----+------------+------------+

    * Multiplexer: 
    +-------------------------+----+-----------+-----+-----------+
    |           Name          | LUT| Input Size| Bits| Total Bits|
    +-------------------------+----+-----------+-----+-----------+
    |ap_NS_fsm                |  14|          3|    1|          3|
    |ap_enable_reg_pp0_iter1  |   9|          2|    1|          2|
    |in_stream_TDATA_blk_n    |   9|          2|    1|          2|
    |out_stream_TDATA_blk_n   |   9|          2|    1|          2|
    +-------------------------+----+-----------+-----+-----------+
    |Total                    |  41|          9|    4|          9|
    +-------------------------+----+-----------+-----+-----------+

    * Register: 
    +-------------------------+---+----+-----+-----------+
    |           Name          | FF| LUT| Bits| Const Bits|
    +-------------------------+---+----+-----+-----------+
    |ap_CS_fsm                |  2|   0|    2|          0|
    |ap_enable_reg_pp0_iter0  |  1|   0|    1|          0|
    |ap_enable_reg_pp0_iter1  |  1|   0|    1|          0|
    +-------------------------+---+----+-----+-----------+
    |Total                    |  4|   0|    4|          0|
    +-------------------------+---+----+-----+-----------+



================================================================
== Interface
================================================================
* Summary: 
+-------------------+-----+-----+--------------+---------------------+--------------+
|     RTL Ports     | Dir | Bits|   Protocol   |    Source Object    |    C Type    |
+-------------------+-----+-----+--------------+---------------------+--------------+
|ap_clk             |   in|    1|  ap_ctrl_none|      video_gray_live|  return value|
|ap_rst_n           |   in|    1|  ap_ctrl_none|      video_gray_live|  return value|
|in_stream_TDATA    |   in|   24|          axis|   in_stream_V_data_V|       pointer|
|in_stream_TVALID   |   in|    1|          axis|   in_stream_V_dest_V|       pointer|
|in_stream_TREADY   |  out|    1|          axis|   in_stream_V_dest_V|       pointer|
|in_stream_TDEST    |   in|    1|          axis|   in_stream_V_dest_V|       pointer|
|in_stream_TKEEP    |   in|    3|          axis|   in_stream_V_keep_V|       pointer|
|in_stream_TSTRB    |   in|    3|          axis|   in_stream_V_strb_V|       pointer|
|in_stream_TUSER    |   in|    1|          axis|   in_stream_V_user_V|       pointer|
|in_stream_TLAST    |   in|    1|          axis|   in_stream_V_last_V|       pointer|
|in_stream_TID      |   in|    1|          axis|     in_stream_V_id_V|       pointer|
|out_stream_TDATA   |  out|   24|          axis|  out_stream_V_data_V|       pointer|
|out_stream_TVALID  |  out|    1|          axis|  out_stream_V_dest_V|       pointer|
|out_stream_TREADY  |   in|    1|          axis|  out_stream_V_dest_V|       pointer|
|out_stream_TDEST   |  out|    1|          axis|  out_stream_V_dest_V|       pointer|
|out_stream_TKEEP   |  out|    3|          axis|  out_stream_V_keep_V|       pointer|
|out_stream_TSTRB   |  out|    3|          axis|  out_stream_V_strb_V|       pointer|
|out_stream_TUSER   |  out|    1|          axis|  out_stream_V_user_V|       pointer|
|out_stream_TLAST   |  out|    1|          axis|  out_stream_V_last_V|       pointer|
|out_stream_TID     |  out|    1|          axis|    out_stream_V_id_V|       pointer|
+-------------------+-----+-----+--------------+---------------------+--------------+

============================================================
+ Verbose Summary: Synthesis Manager
============================================================
InlineROM: 1
ExposeGlobal: 0
============================================================
+ Verbose Summary: CDFG Model
============================================================
IsTopModel: 1
ResetActiveHigh: 1
IsCombinational: 2
IsDatapathOnly: 2
HasWiredReturn: 1
HasMFsm: 2
HasVarLatency: 1
IsPipeline: 0
IsRtlPipelined: 0
IsInstanceOverlapped: 0
IsDontTouch: 0
HasImplIP: 0
IsGatedGlobalClock: 0

+ Individual pipeline summary: 
  * Pipeline-0: initiation interval (II) = 1, depth = 2


============================================================
+ Verbose Summary: Schedule
============================================================
* Number of FSM states : 3
* Pipeline : 1
  Pipeline-0 : II = 1, D = 2, States = { 2 3 }
* Dataflow Pipeline: 0

* FSM state transitions: 
1 --> 2 
2 --> 3 
3 --> 2 

* FSM state operations: 

State 1 <SV = 0> <Delay = 0.00>
ST_1 : Operation 4 [1/1] (0.00ns)   --->   "%spectopmodule_ln15 = spectopmodule void @_ssdm_op_SpecTopModule, void @empty_4" [video_gray_live.cpp:15]   --->   Operation 4 'spectopmodule' 'spectopmodule_ln15' <Predicate = true> <Delay = 0.00>
ST_1 : Operation 5 [1/1] (0.00ns)   --->   "%specinterface_ln15 = specinterface void @_ssdm_op_SpecInterface, i32 0, void @empty_5, i32 0, i32 0, void @empty_1, i32 0, i32 0, void @empty_1, void @empty_1, void @empty_1, i32 0, i32 0, i32 0, i32 0, void @empty_1, void @empty_1, i32 4294967295, i32 0" [video_gray_live.cpp:15]   --->   Operation 5 'specinterface' 'specinterface_ln15' <Predicate = true> <Delay = 0.00>
ST_1 : Operation 6 [1/1] (0.00ns)   --->   "%specinterface_ln0 = specinterface void @_ssdm_op_SpecInterface, i24 %in_stream_V_data_V, i3 %in_stream_V_keep_V, i3 %in_stream_V_strb_V, i1 %in_stream_V_user_V, i1 %in_stream_V_last_V, i1 %in_stream_V_id_V, i1 %in_stream_V_dest_V, void @empty, i32 1, i32 1, void @empty_0, i32 0, i32 0, void @empty_1, void @empty_1, void @empty_1, i32 0, i32 0, i32 0, i32 0, void @empty_1, void @empty_1, i32 4294967295, i32 0"   --->   Operation 6 'specinterface' 'specinterface_ln0' <Predicate = true> <Delay = 0.00>
ST_1 : Operation 7 [1/1] (0.00ns)   --->   "%specbitsmap_ln0 = specbitsmap void @_ssdm_op_SpecBitsMap, i24 %in_stream_V_data_V"   --->   Operation 7 'specbitsmap' 'specbitsmap_ln0' <Predicate = true> <Delay = 0.00>
ST_1 : Operation 8 [1/1] (0.00ns)   --->   "%specbitsmap_ln0 = specbitsmap void @_ssdm_op_SpecBitsMap, i3 %in_stream_V_keep_V"   --->   Operation 8 'specbitsmap' 'specbitsmap_ln0' <Predicate = true> <Delay = 0.00>
ST_1 : Operation 9 [1/1] (0.00ns)   --->   "%specbitsmap_ln0 = specbitsmap void @_ssdm_op_SpecBitsMap, i3 %in_stream_V_strb_V"   --->   Operation 9 'specbitsmap' 'specbitsmap_ln0' <Predicate = true> <Delay = 0.00>
ST_1 : Operation 10 [1/1] (0.00ns)   --->   "%specbitsmap_ln0 = specbitsmap void @_ssdm_op_SpecBitsMap, i1 %in_stream_V_user_V"   --->   Operation 10 'specbitsmap' 'specbitsmap_ln0' <Predicate = true> <Delay = 0.00>
ST_1 : Operation 11 [1/1] (0.00ns)   --->   "%specbitsmap_ln0 = specbitsmap void @_ssdm_op_SpecBitsMap, i1 %in_stream_V_last_V"   --->   Operation 11 'specbitsmap' 'specbitsmap_ln0' <Predicate = true> <Delay = 0.00>
ST_1 : Operation 12 [1/1] (0.00ns)   --->   "%specbitsmap_ln0 = specbitsmap void @_ssdm_op_SpecBitsMap, i1 %in_stream_V_id_V"   --->   Operation 12 'specbitsmap' 'specbitsmap_ln0' <Predicate = true> <Delay = 0.00>
ST_1 : Operation 13 [1/1] (0.00ns)   --->   "%specbitsmap_ln0 = specbitsmap void @_ssdm_op_SpecBitsMap, i1 %in_stream_V_dest_V"   --->   Operation 13 'specbitsmap' 'specbitsmap_ln0' <Predicate = true> <Delay = 0.00>
ST_1 : Operation 14 [1/1] (0.00ns)   --->   "%specinterface_ln0 = specinterface void @_ssdm_op_SpecInterface, i24 %out_stream_V_data_V, i3 %out_stream_V_keep_V, i3 %out_stream_V_strb_V, i1 %out_stream_V_user_V, i1 %out_stream_V_last_V, i1 %out_stream_V_id_V, i1 %out_stream_V_dest_V, void @empty, i32 1, i32 1, void @empty_0, i32 0, i32 0, void @empty_1, void @empty_1, void @empty_1, i32 0, i32 0, i32 0, i32 0, void @empty_1, void @empty_1, i32 4294967295, i32 0"   --->   Operation 14 'specinterface' 'specinterface_ln0' <Predicate = true> <Delay = 0.00>
ST_1 : Operation 15 [1/1] (0.00ns)   --->   "%specbitsmap_ln0 = specbitsmap void @_ssdm_op_SpecBitsMap, i24 %out_stream_V_data_V"   --->   Operation 15 'specbitsmap' 'specbitsmap_ln0' <Predicate = true> <Delay = 0.00>
ST_1 : Operation 16 [1/1] (0.00ns)   --->   "%specbitsmap_ln0 = specbitsmap void @_ssdm_op_SpecBitsMap, i3 %out_stream_V_keep_V"   --->   Operation 16 'specbitsmap' 'specbitsmap_ln0' <Predicate = true> <Delay = 0.00>
ST_1 : Operation 17 [1/1] (0.00ns)   --->   "%specbitsmap_ln0 = specbitsmap void @_ssdm_op_SpecBitsMap, i3 %out_stream_V_strb_V"   --->   Operation 17 'specbitsmap' 'specbitsmap_ln0' <Predicate = true> <Delay = 0.00>
ST_1 : Operation 18 [1/1] (0.00ns)   --->   "%specbitsmap_ln0 = specbitsmap void @_ssdm_op_SpecBitsMap, i1 %out_stream_V_user_V"   --->   Operation 18 'specbitsmap' 'specbitsmap_ln0' <Predicate = true> <Delay = 0.00>
ST_1 : Operation 19 [1/1] (0.00ns)   --->   "%specbitsmap_ln0 = specbitsmap void @_ssdm_op_SpecBitsMap, i1 %out_stream_V_last_V"   --->   Operation 19 'specbitsmap' 'specbitsmap_ln0' <Predicate = true> <Delay = 0.00>
ST_1 : Operation 20 [1/1] (0.00ns)   --->   "%specbitsmap_ln0 = specbitsmap void @_ssdm_op_SpecBitsMap, i1 %out_stream_V_id_V"   --->   Operation 20 'specbitsmap' 'specbitsmap_ln0' <Predicate = true> <Delay = 0.00>
ST_1 : Operation 21 [1/1] (0.00ns)   --->   "%specbitsmap_ln0 = specbitsmap void @_ssdm_op_SpecBitsMap, i1 %out_stream_V_dest_V"   --->   Operation 21 'specbitsmap' 'specbitsmap_ln0' <Predicate = true> <Delay = 0.00>
ST_1 : Operation 22 [1/1] (0.00ns)   --->   "%specaxissidechannel_ln31 = specaxissidechannel void @_ssdm_op_SpecAXISSideChannel, i24 %out_stream_V_data_V, i3 %out_stream_V_keep_V, i3 %out_stream_V_strb_V, i1 %out_stream_V_user_V, i1 %out_stream_V_last_V, i1 %out_stream_V_id_V, i1 %out_stream_V_dest_V, void @empty_2" [video_gray_live.cpp:31]   --->   Operation 22 'specaxissidechannel' 'specaxissidechannel_ln31' <Predicate = true> <Delay = 0.00>
ST_1 : Operation 23 [1/1] (0.00ns)   --->   "%specaxissidechannel_ln31 = specaxissidechannel void @_ssdm_op_SpecAXISSideChannel, i24 %in_stream_V_data_V, i3 %in_stream_V_keep_V, i3 %in_stream_V_strb_V, i1 %in_stream_V_user_V, i1 %in_stream_V_last_V, i1 %in_stream_V_id_V, i1 %in_stream_V_dest_V, void @empty_3" [video_gray_live.cpp:31]   --->   Operation 23 'specaxissidechannel' 'specaxissidechannel_ln31' <Predicate = true> <Delay = 0.00>
ST_1 : Operation 24 [1/1] (0.00ns)   --->   "%br_ln31 = br void %while.body" [video_gray_live.cpp:31]   --->   Operation 24 'br' 'br_ln31' <Predicate = true> <Delay = 0.00>

State 2 <SV = 1> <Delay = 4.90>
ST_2 : Operation 25 [1/1] (1.00ns)   --->   "%empty = read i34 @_ssdm_op_Read.axis.volatile.i24P0A.i3P0A.i3P0A.i1P0A.i1P0A.i1P0A.i1P0A, i24 %in_stream_V_data_V, i3 %in_stream_V_keep_V, i3 %in_stream_V_strb_V, i1 %in_stream_V_user_V, i1 %in_stream_V_last_V, i1 %in_stream_V_id_V, i1 %in_stream_V_dest_V" [video_gray_live.cpp:33]   --->   Operation 25 'read' 'empty' <Predicate = true> <Delay = 1.00> <CoreInst = "axis">   --->   Core 115 'axis' <Latency = 0> <II = 1> <Delay = 1.00> <Adapter> <Opcode : >
ST_2 : Operation 26 [1/1] (0.00ns) (grouped into LUT with out node curr_bin)   --->   "%p_data = extractvalue i34 %empty" [video_gray_live.cpp:33]   --->   Operation 26 'extractvalue' 'p_data' <Predicate = true> <Delay = 0.00>
ST_2 : Operation 27 [1/1] (0.00ns)   --->   "%p_keep = extractvalue i34 %empty" [video_gray_live.cpp:33]   --->   Operation 27 'extractvalue' 'p_keep' <Predicate = true> <Delay = 0.00>
ST_2 : Operation 28 [1/1] (0.00ns)   --->   "%p_strb = extractvalue i34 %empty" [video_gray_live.cpp:33]   --->   Operation 28 'extractvalue' 'p_strb' <Predicate = true> <Delay = 0.00>
ST_2 : Operation 29 [1/1] (0.00ns)   --->   "%p_user = extractvalue i34 %empty" [video_gray_live.cpp:33]   --->   Operation 29 'extractvalue' 'p_user' <Predicate = true> <Delay = 0.00>
ST_2 : Operation 30 [1/1] (0.00ns)   --->   "%p_last = extractvalue i34 %empty" [video_gray_live.cpp:33]   --->   Operation 30 'extractvalue' 'p_last' <Predicate = true> <Delay = 0.00>
ST_2 : Operation 31 [1/1] (0.00ns)   --->   "%p_id = extractvalue i34 %empty" [video_gray_live.cpp:33]   --->   Operation 31 'extractvalue' 'p_id' <Predicate = true> <Delay = 0.00>
ST_2 : Operation 32 [1/1] (0.00ns)   --->   "%p_dest = extractvalue i34 %empty" [video_gray_live.cpp:33]   --->   Operation 32 'extractvalue' 'p_dest' <Predicate = true> <Delay = 0.00>
ST_2 : Operation 33 [1/1] (0.00ns) (grouped into LUT with out node curr_bin)   --->   "%g = partselect i8 @_ssdm_op_PartSelect.i8.i24.i32.i32, i24 %p_data, i32 8, i32 15" [video_gray_live.cpp:40]   --->   Operation 33 'partselect' 'g' <Predicate = true> <Delay = 0.00>
ST_2 : Operation 34 [1/1] (1.91ns) (out node of the LUT)   --->   "%curr_bin = icmp_ugt  i8 %g, i8 95" [video_gray_live.cpp:41]   --->   Operation 34 'icmp' 'curr_bin' <Predicate = true> <Delay = 1.91> <CoreInst = "Cmp">   --->   Core 9 'Cmp' <Latency = 0> <II = 1> <Delay = 1.91> <FuncUnit> <Opcode : 'icmp'> <InPorts = 2> <OutPorts = 1>
ST_2 : Operation 35 [1/1] (0.99ns)   --->   "%select_ln56 = select i1 %curr_bin, i8 255, i8 0" [video_gray_live.cpp:56]   --->   Operation 35 'select' 'select_ln56' <Predicate = true> <Delay = 0.99> <CoreInst = "Sel">   --->   Core 73 'Sel' <Latency = 0> <II = 1> <Delay = 0.99> <FuncUnit> <Opcode : 'select'> <InPorts = 3> <OutPorts = 1>
ST_2 : Operation 36 [1/1] (0.00ns)   --->   "%tmp_1 = bitconcatenate i17 @_ssdm_op_BitConcatenate.i17.i1.i8.i8, i1 %curr_bin, i8 %select_ln56, i8 %select_ln56" [video_gray_live.cpp:60]   --->   Operation 36 'bitconcatenate' 'tmp_1' <Predicate = true> <Delay = 0.00>
ST_2 : Operation 37 [1/1] (0.00ns)   --->   "%sext_ln60 = sext i17 %tmp_1" [video_gray_live.cpp:60]   --->   Operation 37 'sext' 'sext_ln60' <Predicate = true> <Delay = 0.00>
ST_2 : Operation 38 [2/2] (1.00ns)   --->   "%write_ln62 = write void @_ssdm_op_Write.axis.volatile.i24P0A.i3P0A.i3P0A.i1P0A.i1P0A.i1P0A.i1P0A, i24 %out_stream_V_data_V, i3 %out_stream_V_keep_V, i3 %out_stream_V_strb_V, i1 %out_stream_V_user_V, i1 %out_stream_V_last_V, i1 %out_stream_V_id_V, i1 %out_stream_V_dest_V, i24 %sext_ln60, i3 %p_keep, i3 %p_strb, i1 %p_user, i1 %p_last, i1 %p_id, i1 %p_dest" [video_gray_live.cpp:62]   --->   Operation 38 'write' 'write_ln62' <Predicate = true> <Delay = 1.00> <CoreInst = "axis">   --->   Core 115 'axis' <Latency = 0> <II = 1> <Delay = 1.00> <Adapter> <Opcode : >

State 3 <SV = 2> <Delay = 1.00>
ST_3 : Operation 39 [1/1] (0.00ns)   --->   "%specpipeline_ln32 = specpipeline void @_ssdm_op_SpecPipeline, i32 1, i32 0, i32 0, i32 0, void @empty_1" [video_gray_live.cpp:32]   --->   Operation 39 'specpipeline' 'specpipeline_ln32' <Predicate = true> <Delay = 0.00>
ST_3 : Operation 40 [1/1] (0.00ns)   --->   "%specloopname_ln31 = specloopname void @_ssdm_op_SpecLoopName, void @empty_6" [video_gray_live.cpp:31]   --->   Operation 40 'specloopname' 'specloopname_ln31' <Predicate = true> <Delay = 0.00>
ST_3 : Operation 41 [1/2] (1.00ns)   --->   "%write_ln62 = write void @_ssdm_op_Write.axis.volatile.i24P0A.i3P0A.i3P0A.i1P0A.i1P0A.i1P0A.i1P0A, i24 %out_stream_V_data_V, i3 %out_stream_V_keep_V, i3 %out_stream_V_strb_V, i1 %out_stream_V_user_V, i1 %out_stream_V_last_V, i1 %out_stream_V_id_V, i1 %out_stream_V_dest_V, i24 %sext_ln60, i3 %p_keep, i3 %p_strb, i1 %p_user, i1 %p_last, i1 %p_id, i1 %p_dest" [video_gray_live.cpp:62]   --->   Operation 41 'write' 'write_ln62' <Predicate = true> <Delay = 1.00> <CoreInst = "axis">   --->   Core 115 'axis' <Latency = 0> <II = 1> <Delay = 1.00> <Adapter> <Opcode : >
ST_3 : Operation 42 [1/1] (0.00ns)   --->   "%br_ln31 = br void %while.body" [video_gray_live.cpp:31]   --->   Operation 42 'br' 'br_ln31' <Predicate = true> <Delay = 0.00>


============================================================
+ Verbose Summary: Binding
============================================================
STG Binding: 
---------------- STG Properties BEGIN ----------------
- Is combinational: 0
- Is one-state seq: 0
- Is datapath-only: 0
- Is pipelined: 0
- Is top level: 1
Port [ Return ] is wired: 1; IO mode=ap_ctrl_none:ce=0
Port [ in_stream_V_data_V]:  wired=1; compound=1; hidden=0; nouse=0; global=0; static=0; extern=0; dir=0; type=0; pingpong=0; private_global=0; IO mode=axis:ce=0
Port [ in_stream_V_keep_V]:  wired=1; compound=1; hidden=0; nouse=0; global=0; static=0; extern=0; dir=0; type=0; pingpong=0; private_global=0; IO mode=axis:ce=0
Port [ in_stream_V_strb_V]:  wired=1; compound=1; hidden=0; nouse=0; global=0; static=0; extern=0; dir=0; type=0; pingpong=0; private_global=0; IO mode=axis:ce=0
Port [ in_stream_V_user_V]:  wired=1; compound=1; hidden=0; nouse=0; global=0; static=0; extern=0; dir=0; type=0; pingpong=0; private_global=0; IO mode=axis:ce=0
Port [ in_stream_V_last_V]:  wired=1; compound=1; hidden=0; nouse=0; global=0; static=0; extern=0; dir=0; type=0; pingpong=0; private_global=0; IO mode=axis:ce=0
Port [ in_stream_V_id_V]:  wired=1; compound=1; hidden=0; nouse=0; global=0; static=0; extern=0; dir=0; type=0; pingpong=0; private_global=0; IO mode=axis:ce=0
Port [ in_stream_V_dest_V]:  wired=1; compound=1; hidden=0; nouse=0; global=0; static=0; extern=0; dir=0; type=0; pingpong=0; private_global=0; IO mode=axis:ce=0
Port [ out_stream_V_data_V]:  wired=1; compound=1; hidden=0; nouse=0; global=0; static=0; extern=0; dir=1; type=0; pingpong=0; private_global=0; IO mode=axis:ce=0
Port [ out_stream_V_keep_V]:  wired=1; compound=1; hidden=0; nouse=0; global=0; static=0; extern=0; dir=1; type=0; pingpong=0; private_global=0; IO mode=axis:ce=0
Port [ out_stream_V_strb_V]:  wired=1; compound=1; hidden=0; nouse=0; global=0; static=0; extern=0; dir=1; type=0; pingpong=0; private_global=0; IO mode=axis:ce=0
Port [ out_stream_V_user_V]:  wired=1; compound=1; hidden=0; nouse=0; global=0; static=0; extern=0; dir=1; type=0; pingpong=0; private_global=0; IO mode=axis:ce=0
Port [ out_stream_V_last_V]:  wired=1; compound=1; hidden=0; nouse=0; global=0; static=0; extern=0; dir=1; type=0; pingpong=0; private_global=0; IO mode=axis:ce=0
Port [ out_stream_V_id_V]:  wired=1; compound=1; hidden=0; nouse=0; global=0; static=0; extern=0; dir=1; type=0; pingpong=0; private_global=0; IO mode=axis:ce=0
Port [ out_stream_V_dest_V]:  wired=1; compound=1; hidden=0; nouse=0; global=0; static=0; extern=0; dir=1; type=0; pingpong=0; private_global=0; IO mode=axis:ce=0
---------------- STG Properties END ------------------

---------------- Datapath Model BEGIN ----------------

<LifeTime>
<method=bitvector/>
spectopmodule_ln15       (spectopmodule      ) [ 0000]
specinterface_ln15       (specinterface      ) [ 0000]
specinterface_ln0        (specinterface      ) [ 0000]
specbitsmap_ln0          (specbitsmap        ) [ 0000]
specbitsmap_ln0          (specbitsmap        ) [ 0000]
specbitsmap_ln0          (specbitsmap        ) [ 0000]
specbitsmap_ln0          (specbitsmap        ) [ 0000]
specbitsmap_ln0          (specbitsmap        ) [ 0000]
specbitsmap_ln0          (specbitsmap        ) [ 0000]
specbitsmap_ln0          (specbitsmap        ) [ 0000]
specinterface_ln0        (specinterface      ) [ 0000]
specbitsmap_ln0          (specbitsmap        ) [ 0000]
specbitsmap_ln0          (specbitsmap        ) [ 0000]
specbitsmap_ln0          (specbitsmap        ) [ 0000]
specbitsmap_ln0          (specbitsmap        ) [ 0000]
specbitsmap_ln0          (specbitsmap        ) [ 0000]
specbitsmap_ln0          (specbitsmap        ) [ 0000]
specbitsmap_ln0          (specbitsmap        ) [ 0000]
specaxissidechannel_ln31 (specaxissidechannel) [ 0000]
specaxissidechannel_ln31 (specaxissidechannel) [ 0000]
br_ln31                  (br                 ) [ 0000]
empty                    (read               ) [ 0000]
p_data                   (extractvalue       ) [ 0000]
p_keep                   (extractvalue       ) [ 0011]
p_strb                   (extractvalue       ) [ 0011]
p_user                   (extractvalue       ) [ 0011]
p_last                   (extractvalue       ) [ 0011]
p_id                     (extractvalue       ) [ 0011]
p_dest                   (extractvalue       ) [ 0011]
g                        (partselect         ) [ 0000]
curr_bin                 (icmp               ) [ 0000]
select_ln56              (select             ) [ 0000]
tmp_1                    (bitconcatenate     ) [ 0000]
sext_ln60                (sext               ) [ 0011]
specpipeline_ln32        (specpipeline       ) [ 0000]
specloopname_ln31        (specloopname       ) [ 0000]
write_ln62               (write              ) [ 0000]
br_ln31                  (br                 ) [ 0000]
</LifeTime>

<model>

<comp_list>
<comp id="0" class="1000" name="in_stream_V_data_V">
<pin_list>
<pin id="1" dir="1" index="0" bw="1" slack="0"/>
</pin_list>
<bind>
<StgValue><ssdm name="in_stream_V_data_V"/></StgValue>
</bind>
</comp>

<comp id="2" class="1000" name="in_stream_V_keep_V">
<pin_list>
<pin id="3" dir="1" index="0" bw="1" slack="0"/>
</pin_list>
<bind>
<StgValue><ssdm name="in_stream_V_keep_V"/></StgValue>
</bind>
</comp>

<comp id="4" class="1000" name="in_stream_V_strb_V">
<pin_list>
<pin id="5" dir="1" index="0" bw="1" slack="0"/>
</pin_list>
<bind>
<StgValue><ssdm name="in_stream_V_strb_V"/></StgValue>
</bind>
</comp>

<comp id="6" class="1000" name="in_stream_V_user_V">
<pin_list>
<pin id="7" dir="1" index="0" bw="1" slack="0"/>
</pin_list>
<bind>
<StgValue><ssdm name="in_stream_V_user_V"/></StgValue>
</bind>
</comp>

<comp id="8" class="1000" name="in_stream_V_last_V">
<pin_list>
<pin id="9" dir="1" index="0" bw="1" slack="0"/>
</pin_list>
<bind>
<StgValue><ssdm name="in_stream_V_last_V"/></StgValue>
</bind>
</comp>

<comp id="10" class="1000" name="in_stream_V_id_V">
<pin_list>
<pin id="11" dir="1" index="0" bw="1" slack="0"/>
</pin_list>
<bind>
<StgValue><ssdm name="in_stream_V_id_V"/></StgValue>
</bind>
</comp>

<comp id="12" class="1000" name="in_stream_V_dest_V">
<pin_list>
<pin id="13" dir="1" index="0" bw="1" slack="0"/>
</pin_list>
<bind>
<StgValue><ssdm name="in_stream_V_dest_V"/></StgValue>
</bind>
</comp>

<comp id="14" class="1000" name="out_stream_V_data_V">
<pin_list>
<pin id="15" dir="1" index="0" bw="1" slack="0"/>
</pin_list>
<bind>
<StgValue><ssdm name="out_stream_V_data_V"/></StgValue>
</bind>
</comp>

<comp id="16" class="1000" name="out_stream_V_keep_V">
<pin_list>
<pin id="17" dir="1" index="0" bw="1" slack="0"/>
</pin_list>
<bind>
<StgValue><ssdm name="out_stream_V_keep_V"/></StgValue>
</bind>
</comp>

<comp id="18" class="1000" name="out_stream_V_strb_V">
<pin_list>
<pin id="19" dir="1" index="0" bw="1" slack="0"/>
</pin_list>
<bind>
<StgValue><ssdm name="out_stream_V_strb_V"/></StgValue>
</bind>
</comp>

<comp id="20" class="1000" name="out_stream_V_user_V">
<pin_list>
<pin id="21" dir="1" index="0" bw="1" slack="0"/>
</pin_list>
<bind>
<StgValue><ssdm name="out_stream_V_user_V"/></StgValue>
</bind>
</comp>

<comp id="22" class="1000" name="out_stream_V_last_V">
<pin_list>
<pin id="23" dir="1" index="0" bw="1" slack="0"/>
</pin_list>
<bind>
<StgValue><ssdm name="out_stream_V_last_V"/></StgValue>
</bind>
</comp>

<comp id="24" class="1000" name="out_stream_V_id_V">
<pin_list>
<pin id="25" dir="1" index="0" bw="1" slack="0"/>
</pin_list>
<bind>
<StgValue><ssdm name="out_stream_V_id_V"/></StgValue>
</bind>
</comp>

<comp id="26" class="1000" name="out_stream_V_dest_V">
<pin_list>
<pin id="27" dir="1" index="0" bw="1" slack="0"/>
</pin_list>
<bind>
<StgValue><ssdm name="out_stream_V_dest_V"/></StgValue>
</bind>
</comp>

<comp id="28" class="1001" name="const_28">
<pin_list>
<pin id="29" dir="1" index="0" bw="1" slack="2147483647"/>
</pin_list>
<bind>
<StgValue><ssdm name="_ssdm_op_SpecTopModule"/></StgValue>
</bind>
</comp>

<comp id="30" class="1001" name="const_30">
<pin_list>
<pin id="31" dir="1" index="0" bw="1" slack="2147483647"/>
</pin_list>
<bind>
<StgValue><ssdm name="empty_4"/></StgValue>
</bind>
</comp>

<comp id="32" class="1001" name="const_32">
<pin_list>
<pin id="33" dir="1" index="0" bw="1" slack="2147483647"/>
</pin_list>
<bind>
<StgValue><ssdm name="_ssdm_op_SpecInterface"/></StgValue>
</bind>
</comp>

<comp id="34" class="1001" name="const_34">
<pin_list>
<pin id="35" dir="1" index="0" bw="1" slack="2147483647"/>
</pin_list>
<bind>
<StgValue><ssdm name=""/></StgValue>
</bind>
</comp>

<comp id="36" class="1001" name="const_36">
<pin_list>
<pin id="37" dir="1" index="0" bw="1" slack="2147483647"/>
</pin_list>
<bind>
<StgValue><ssdm name="empty_5"/></StgValue>
</bind>
</comp>

<comp id="38" class="1001" name="const_38">
<pin_list>
<pin id="39" dir="1" index="0" bw="1" slack="2147483647"/>
</pin_list>
<bind>
<StgValue><ssdm name="empty_1"/></StgValue>
</bind>
</comp>

<comp id="40" class="1001" name="const_40">
<pin_list>
<pin id="41" dir="1" index="0" bw="1" slack="2147483647"/>
</pin_list>
<bind>
<StgValue><ssdm name=""/></StgValue>
</bind>
</comp>

<comp id="42" class="1001" name="const_42">
<pin_list>
<pin id="43" dir="1" index="0" bw="1" slack="2147483647"/>
</pin_list>
<bind>
<StgValue><ssdm name="empty"/></StgValue>
</bind>
</comp>

<comp id="44" class="1001" name="const_44">
<pin_list>
<pin id="45" dir="1" index="0" bw="1" slack="2147483647"/>
</pin_list>
<bind>
<StgValue><ssdm name=""/></StgValue>
</bind>
</comp>

<comp id="46" class="1001" name="const_46">
<pin_list>
<pin id="47" dir="1" index="0" bw="1" slack="2147483647"/>
</pin_list>
<bind>
<StgValue><ssdm name="empty_0"/></StgValue>
</bind>
</comp>

<comp id="48" class="1001" name="const_48">
<pin_list>
<pin id="49" dir="1" index="0" bw="1" slack="2147483647"/>
</pin_list>
<bind>
<StgValue><ssdm name="_ssdm_op_SpecBitsMap"/></StgValue>
</bind>
</comp>

<comp id="50" class="1001" name="const_50">
<pin_list>
<pin id="51" dir="1" index="0" bw="1" slack="2147483647"/>
</pin_list>
<bind>
<StgValue><ssdm name="_ssdm_op_SpecAXISSideChannel"/></StgValue>
</bind>
</comp>

<comp id="52" class="1001" name="const_52">
<pin_list>
<pin id="53" dir="1" index="0" bw="1" slack="2147483647"/>
</pin_list>
<bind>
<StgValue><ssdm name="empty_2"/></StgValue>
</bind>
</comp>

<comp id="54" class="1001" name="const_54">
<pin_list>
<pin id="55" dir="1" index="0" bw="1" slack="2147483647"/>
</pin_list>
<bind>
<StgValue><ssdm name="empty_3"/></StgValue>
</bind>
</comp>

<comp id="56" class="1001" name="const_56">
<pin_list>
<pin id="57" dir="1" index="0" bw="1" slack="0"/>
</pin_list>
<bind>
<StgValue><ssdm name="_ssdm_op_Read.axis.volatile.i24P0A.i3P0A.i3P0A.i1P0A.i1P0A.i1P0A.i1P0A"/></StgValue>
</bind>
</comp>

<comp id="58" class="1001" name="const_58">
<pin_list>
<pin id="59" dir="1" index="0" bw="1" slack="0"/>
</pin_list>
<bind>
<StgValue><ssdm name="_ssdm_op_PartSelect.i8.i24.i32.i32"/></StgValue>
</bind>
</comp>

<comp id="60" class="1001" name="const_60">
<pin_list>
<pin id="61" dir="1" index="0" bw="1" slack="0"/>
</pin_list>
<bind>
<StgValue><ssdm name=""/></StgValue>
</bind>
</comp>

<comp id="62" class="1001" name="const_62">
<pin_list>
<pin id="63" dir="1" index="0" bw="1" slack="0"/>
</pin_list>
<bind>
<StgValue><ssdm name=""/></StgValue>
</bind>
</comp>

<comp id="64" class="1001" name="const_64">
<pin_list>
<pin id="65" dir="1" index="0" bw="1" slack="0"/>
</pin_list>
<bind>
<StgValue><ssdm name=""/></StgValue>
</bind>
</comp>

<comp id="66" class="1001" name="const_66">
<pin_list>
<pin id="67" dir="1" index="0" bw="1" slack="0"/>
</pin_list>
<bind>
<StgValue><ssdm name=""/></StgValue>
</bind>
</comp>

<comp id="68" class="1001" name="const_68">
<pin_list>
<pin id="69" dir="1" index="0" bw="1" slack="0"/>
</pin_list>
<bind>
<StgValue><ssdm name=""/></StgValue>
</bind>
</comp>

<comp id="70" class="1001" name="const_70">
<pin_list>
<pin id="71" dir="1" index="0" bw="1" slack="0"/>
</pin_list>
<bind>
<StgValue><ssdm name="_ssdm_op_BitConcatenate.i17.i1.i8.i8"/></StgValue>
</bind>
</comp>

<comp id="72" class="1001" name="const_72">
<pin_list>
<pin id="73" dir="1" index="0" bw="1" slack="0"/>
</pin_list>
<bind>
<StgValue><ssdm name="_ssdm_op_Write.axis.volatile.i24P0A.i3P0A.i3P0A.i1P0A.i1P0A.i1P0A.i1P0A"/></StgValue>
</bind>
</comp>

<comp id="74" class="1001" name="const_74">
<pin_list>
<pin id="75" dir="1" index="0" bw="1" slack="2147483647"/>
</pin_list>
<bind>
<StgValue><ssdm name="_ssdm_op_SpecPipeline"/></StgValue>
</bind>
</comp>

<comp id="76" class="1001" name="const_76">
<pin_list>
<pin id="77" dir="1" index="0" bw="1" slack="2147483647"/>
</pin_list>
<bind>
<StgValue><ssdm name="_ssdm_op_SpecLoopName"/></StgValue>
</bind>
</comp>

<comp id="78" class="1001" name="const_78">
<pin_list>
<pin id="79" dir="1" index="0" bw="1" slack="2147483647"/>
</pin_list>
<bind>
<StgValue><ssdm name="empty_6"/></StgValue>
</bind>
</comp>

<comp id="80" class="1004" name="empty_read_fu_80">
<pin_list>
<pin id="81" dir="0" index="0" bw="34" slack="0"/>
<pin id="82" dir="0" index="1" bw="24" slack="0"/>
<pin id="83" dir="0" index="2" bw="3" slack="0"/>
<pin id="84" dir="0" index="3" bw="3" slack="0"/>
<pin id="85" dir="0" index="4" bw="1" slack="0"/>
<pin id="86" dir="0" index="5" bw="1" slack="0"/>
<pin id="87" dir="0" index="6" bw="1" slack="0"/>
<pin id="88" dir="0" index="7" bw="1" slack="0"/>
<pin id="89" dir="1" index="8" bw="34" slack="0"/>
</pin_list>
<bind>
<opcode="read(1150) " fcode="read"/>
<opset="empty/2 "/>
</bind>
</comp>

<comp id="98" class="1004" name="grp_write_fu_98">
<pin_list>
<pin id="99" dir="0" index="0" bw="0" slack="0"/>
<pin id="100" dir="0" index="1" bw="24" slack="0"/>
<pin id="101" dir="0" index="2" bw="3" slack="0"/>
<pin id="102" dir="0" index="3" bw="3" slack="0"/>
<pin id="103" dir="0" index="4" bw="1" slack="0"/>
<pin id="104" dir="0" index="5" bw="1" slack="0"/>
<pin id="105" dir="0" index="6" bw="1" slack="0"/>
<pin id="106" dir="0" index="7" bw="1" slack="0"/>
<pin id="107" dir="0" index="8" bw="17" slack="0"/>
<pin id="108" dir="0" index="9" bw="3" slack="0"/>
<pin id="109" dir="0" index="10" bw="3" slack="0"/>
<pin id="110" dir="0" index="11" bw="1" slack="0"/>
<pin id="111" dir="0" index="12" bw="1" slack="0"/>
<pin id="112" dir="0" index="13" bw="1" slack="0"/>
<pin id="113" dir="0" index="14" bw="1" slack="0"/>
<pin id="114" dir="1" index="15" bw="0" slack="2147483647"/>
</pin_list>
<bind>
<opcode="write(1151) " fcode="write"/>
<opset="write_ln62/2 "/>
</bind>
</comp>

<comp id="123" class="1004" name="p_data_fu_123">
<pin_list>
<pin id="124" dir="0" index="0" bw="34" slack="0"/>
<pin id="125" dir="1" index="1" bw="24" slack="0"/>
</pin_list>
<bind>
<opcode="extractvalue(56) " fcode="extractvalue"/>
<opset="p_data/2 "/>
</bind>
</comp>

<comp id="127" class="1004" name="p_keep_fu_127">
<pin_list>
<pin id="128" dir="0" index="0" bw="34" slack="0"/>
<pin id="129" dir="1" index="1" bw="3" slack="0"/>
</pin_list>
<bind>
<opcode="extractvalue(56) " fcode="extractvalue"/>
<opset="p_keep/2 "/>
</bind>
</comp>

<comp id="132" class="1004" name="p_strb_fu_132">
<pin_list>
<pin id="133" dir="0" index="0" bw="34" slack="0"/>
<pin id="134" dir="1" index="1" bw="3" slack="0"/>
</pin_list>
<bind>
<opcode="extractvalue(56) " fcode="extractvalue"/>
<opset="p_strb/2 "/>
</bind>
</comp>

<comp id="137" class="1004" name="p_user_fu_137">
<pin_list>
<pin id="138" dir="0" index="0" bw="34" slack="0"/>
<pin id="139" dir="1" index="1" bw="1" slack="0"/>
</pin_list>
<bind>
<opcode="extractvalue(56) " fcode="extractvalue"/>
<opset="p_user/2 "/>
</bind>
</comp>

<comp id="142" class="1004" name="p_last_fu_142">
<pin_list>
<pin id="143" dir="0" index="0" bw="34" slack="0"/>
<pin id="144" dir="1" index="1" bw="1" slack="0"/>
</pin_list>
<bind>
<opcode="extractvalue(56) " fcode="extractvalue"/>
<opset="p_last/2 "/>
</bind>
</comp>

<comp id="147" class="1004" name="p_id_fu_147">
<pin_list>
<pin id="148" dir="0" index="0" bw="34" slack="0"/>
<pin id="149" dir="1" index="1" bw="1" slack="0"/>
</pin_list>
<bind>
<opcode="extractvalue(56) " fcode="extractvalue"/>
<opset="p_id/2 "/>
</bind>
</comp>

<comp id="152" class="1004" name="p_dest_fu_152">
<pin_list>
<pin id="153" dir="0" index="0" bw="34" slack="0"/>
<pin id="154" dir="1" index="1" bw="1" slack="0"/>
</pin_list>
<bind>
<opcode="extractvalue(56) " fcode="extractvalue"/>
<opset="p_dest/2 "/>
</bind>
</comp>

<comp id="157" class="1004" name="g_fu_157">
<pin_list>
<pin id="158" dir="0" index="0" bw="8" slack="0"/>
<pin id="159" dir="0" index="1" bw="24" slack="0"/>
<pin id="160" dir="0" index="2" bw="5" slack="0"/>
<pin id="161" dir="0" index="3" bw="5" slack="0"/>
<pin id="162" dir="1" index="4" bw="8" slack="0"/>
</pin_list>
<bind>
<opcode="partselect(1002) " fcode="partselect"/>
<opset="g/2 "/>
</bind>
</comp>

<comp id="167" class="1004" name="curr_bin_fu_167">
<pin_list>
<pin id="168" dir="0" index="0" bw="8" slack="0"/>
<pin id="169" dir="0" index="1" bw="8" slack="0"/>
<pin id="170" dir="1" index="2" bw="1" slack="0"/>
</pin_list>
<bind>
<opcode="icmp(45) " fcode="icmp"/>
<opset="curr_bin/2 "/>
</bind>
</comp>

<comp id="173" class="1004" name="select_ln56_fu_173">
<pin_list>
<pin id="174" dir="0" index="0" bw="1" slack="0"/>
<pin id="175" dir="0" index="1" bw="8" slack="0"/>
<pin id="176" dir="0" index="2" bw="8" slack="0"/>
<pin id="177" dir="1" index="3" bw="8" slack="0"/>
</pin_list>
<bind>
<opcode="select(49) " fcode="select"/>
<opset="select_ln56/2 "/>
</bind>
</comp>

<comp id="181" class="1004" name="tmp_1_fu_181">
<pin_list>
<pin id="182" dir="0" index="0" bw="17" slack="0"/>
<pin id="183" dir="0" index="1" bw="1" slack="0"/>
<pin id="184" dir="0" index="2" bw="8" slack="0"/>
<pin id="185" dir="0" index="3" bw="8" slack="0"/>
<pin id="186" dir="1" index="4" bw="17" slack="0"/>
</pin_list>
<bind>
<opcode="bitconcatenate(1004) " fcode="bitconcatenate"/>
<opset="tmp_1/2 "/>
</bind>
</comp>

<comp id="191" class="1004" name="sext_ln60_fu_191">
<pin_list>
<pin id="192" dir="0" index="0" bw="17" slack="0"/>
<pin id="193" dir="1" index="1" bw="24" slack="0"/>
</pin_list>
<bind>
<opcode="sext(35) " fcode="sext"/>
<opset="sext_ln60/2 "/>
</bind>
</comp>

<comp id="196" class="1005" name="p_keep_reg_196">
<pin_list>
<pin id="197" dir="0" index="0" bw="3" slack="1"/>
<pin id="198" dir="1" index="1" bw="3" slack="1"/>
</pin_list>
<bind>
<opset="p_keep "/>
</bind>
</comp>

<comp id="201" class="1005" name="p_strb_reg_201">
<pin_list>
<pin id="202" dir="0" index="0" bw="3" slack="1"/>
<pin id="203" dir="1" index="1" bw="3" slack="1"/>
</pin_list>
<bind>
<opset="p_strb "/>
</bind>
</comp>

<comp id="206" class="1005" name="p_user_reg_206">
<pin_list>
<pin id="207" dir="0" index="0" bw="1" slack="1"/>
<pin id="208" dir="1" index="1" bw="1" slack="1"/>
</pin_list>
<bind>
<opset="p_user "/>
</bind>
</comp>

<comp id="211" class="1005" name="p_last_reg_211">
<pin_list>
<pin id="212" dir="0" index="0" bw="1" slack="1"/>
<pin id="213" dir="1" index="1" bw="1" slack="1"/>
</pin_list>
<bind>
<opset="p_last "/>
</bind>
</comp>

<comp id="216" class="1005" name="p_id_reg_216">
<pin_list>
<pin id="217" dir="0" index="0" bw="1" slack="1"/>
<pin id="218" dir="1" index="1" bw="1" slack="1"/>
</pin_list>
<bind>
<opset="p_id "/>
</bind>
</comp>

<comp id="221" class="1005" name="p_dest_reg_221">
<pin_list>
<pin id="222" dir="0" index="0" bw="1" slack="1"/>
<pin id="223" dir="1" index="1" bw="1" slack="1"/>
</pin_list>
<bind>
<opset="p_dest "/>
</bind>
</comp>

<comp id="226" class="1005" name="sext_ln60_reg_226">
<pin_list>
<pin id="227" dir="0" index="0" bw="24" slack="1"/>
<pin id="228" dir="1" index="1" bw="24" slack="1"/>
</pin_list>
<bind>
<opset="sext_ln60 "/>
</bind>
</comp>

</comp_list>

<net_list>
<net id="90"><net_src comp="56" pin="0"/><net_sink comp="80" pin=0"/></net>

<net id="91"><net_src comp="0" pin="0"/><net_sink comp="80" pin=1"/></net>

<net id="92"><net_src comp="2" pin="0"/><net_sink comp="80" pin=2"/></net>

<net id="93"><net_src comp="4" pin="0"/><net_sink comp="80" pin=3"/></net>

<net id="94"><net_src comp="6" pin="0"/><net_sink comp="80" pin=4"/></net>

<net id="95"><net_src comp="8" pin="0"/><net_sink comp="80" pin=5"/></net>

<net id="96"><net_src comp="10" pin="0"/><net_sink comp="80" pin=6"/></net>

<net id="97"><net_src comp="12" pin="0"/><net_sink comp="80" pin=7"/></net>

<net id="115"><net_src comp="72" pin="0"/><net_sink comp="98" pin=0"/></net>

<net id="116"><net_src comp="14" pin="0"/><net_sink comp="98" pin=1"/></net>

<net id="117"><net_src comp="16" pin="0"/><net_sink comp="98" pin=2"/></net>

<net id="118"><net_src comp="18" pin="0"/><net_sink comp="98" pin=3"/></net>

<net id="119"><net_src comp="20" pin="0"/><net_sink comp="98" pin=4"/></net>

<net id="120"><net_src comp="22" pin="0"/><net_sink comp="98" pin=5"/></net>

<net id="121"><net_src comp="24" pin="0"/><net_sink comp="98" pin=6"/></net>

<net id="122"><net_src comp="26" pin="0"/><net_sink comp="98" pin=7"/></net>

<net id="126"><net_src comp="80" pin="8"/><net_sink comp="123" pin=0"/></net>

<net id="130"><net_src comp="80" pin="8"/><net_sink comp="127" pin=0"/></net>

<net id="131"><net_src comp="127" pin="1"/><net_sink comp="98" pin=9"/></net>

<net id="135"><net_src comp="80" pin="8"/><net_sink comp="132" pin=0"/></net>

<net id="136"><net_src comp="132" pin="1"/><net_sink comp="98" pin=10"/></net>

<net id="140"><net_src comp="80" pin="8"/><net_sink comp="137" pin=0"/></net>

<net id="141"><net_src comp="137" pin="1"/><net_sink comp="98" pin=11"/></net>

<net id="145"><net_src comp="80" pin="8"/><net_sink comp="142" pin=0"/></net>

<net id="146"><net_src comp="142" pin="1"/><net_sink comp="98" pin=12"/></net>

<net id="150"><net_src comp="80" pin="8"/><net_sink comp="147" pin=0"/></net>

<net id="151"><net_src comp="147" pin="1"/><net_sink comp="98" pin=13"/></net>

<net id="155"><net_src comp="80" pin="8"/><net_sink comp="152" pin=0"/></net>

<net id="156"><net_src comp="152" pin="1"/><net_sink comp="98" pin=14"/></net>

<net id="163"><net_src comp="58" pin="0"/><net_sink comp="157" pin=0"/></net>

<net id="164"><net_src comp="123" pin="1"/><net_sink comp="157" pin=1"/></net>

<net id="165"><net_src comp="60" pin="0"/><net_sink comp="157" pin=2"/></net>

<net id="166"><net_src comp="62" pin="0"/><net_sink comp="157" pin=3"/></net>

<net id="171"><net_src comp="157" pin="4"/><net_sink comp="167" pin=0"/></net>

<net id="172"><net_src comp="64" pin="0"/><net_sink comp="167" pin=1"/></net>

<net id="178"><net_src comp="167" pin="2"/><net_sink comp="173" pin=0"/></net>

<net id="179"><net_src comp="66" pin="0"/><net_sink comp="173" pin=1"/></net>

<net id="180"><net_src comp="68" pin="0"/><net_sink comp="173" pin=2"/></net>

<net id="187"><net_src comp="70" pin="0"/><net_sink comp="181" pin=0"/></net>

<net id="188"><net_src comp="167" pin="2"/><net_sink comp="181" pin=1"/></net>

<net id="189"><net_src comp="173" pin="3"/><net_sink comp="181" pin=2"/></net>

<net id="190"><net_src comp="173" pin="3"/><net_sink comp="181" pin=3"/></net>

<net id="194"><net_src comp="181" pin="4"/><net_sink comp="191" pin=0"/></net>

<net id="195"><net_src comp="191" pin="1"/><net_sink comp="98" pin=8"/></net>

<net id="199"><net_src comp="127" pin="1"/><net_sink comp="196" pin=0"/></net>

<net id="200"><net_src comp="196" pin="1"/><net_sink comp="98" pin=9"/></net>

<net id="204"><net_src comp="132" pin="1"/><net_sink comp="201" pin=0"/></net>

<net id="205"><net_src comp="201" pin="1"/><net_sink comp="98" pin=10"/></net>

<net id="209"><net_src comp="137" pin="1"/><net_sink comp="206" pin=0"/></net>

<net id="210"><net_src comp="206" pin="1"/><net_sink comp="98" pin=11"/></net>

<net id="214"><net_src comp="142" pin="1"/><net_sink comp="211" pin=0"/></net>

<net id="215"><net_src comp="211" pin="1"/><net_sink comp="98" pin=12"/></net>

<net id="219"><net_src comp="147" pin="1"/><net_sink comp="216" pin=0"/></net>

<net id="220"><net_src comp="216" pin="1"/><net_sink comp="98" pin=13"/></net>

<net id="224"><net_src comp="152" pin="1"/><net_sink comp="221" pin=0"/></net>

<net id="225"><net_src comp="221" pin="1"/><net_sink comp="98" pin=14"/></net>

<net id="229"><net_src comp="191" pin="1"/><net_sink comp="226" pin=0"/></net>

<net id="230"><net_src comp="226" pin="1"/><net_sink comp="98" pin=8"/></net>

</net_list>

</model> 
---------------- Datapath Model END ------------------

* FSMD analyzer results:
  - Output states:
	Port: out_stream_V_data_V | {3 }
	Port: out_stream_V_keep_V | {3 }
	Port: out_stream_V_strb_V | {3 }
	Port: out_stream_V_user_V | {3 }
	Port: out_stream_V_last_V | {3 }
	Port: out_stream_V_id_V | {3 }
	Port: out_stream_V_dest_V | {3 }
 - Input state : 
	Port: video_gray_live : in_stream_V_data_V | {2 }
	Port: video_gray_live : in_stream_V_keep_V | {2 }
	Port: video_gray_live : in_stream_V_strb_V | {2 }
	Port: video_gray_live : in_stream_V_user_V | {2 }
	Port: video_gray_live : in_stream_V_last_V | {2 }
	Port: video_gray_live : in_stream_V_id_V | {2 }
	Port: video_gray_live : in_stream_V_dest_V | {2 }
  - Chain level:
	State 1
	State 2
		g : 1
		curr_bin : 2
		select_ln56 : 3
		tmp_1 : 4
		sext_ln60 : 5
		write_ln62 : 6
	State 3


============================================================
+ Verbose Summary: Datapath Resource usage 
============================================================

* Functional unit list:
|----------|--------------------|---------|---------|
| Operation|   Functional Unit  |    FF   |   LUT   |
|----------|--------------------|---------|---------|
|   icmp   |   curr_bin_fu_167  |    0    |    15   |
|----------|--------------------|---------|---------|
|  select  | select_ln56_fu_173 |    0    |    8    |
|----------|--------------------|---------|---------|
|   read   |  empty_read_fu_80  |    0    |    0    |
|----------|--------------------|---------|---------|
|   write  |   grp_write_fu_98  |    0    |    0    |
|----------|--------------------|---------|---------|
|          |    p_data_fu_123   |    0    |    0    |
|          |    p_keep_fu_127   |    0    |    0    |
|          |    p_strb_fu_132   |    0    |    0    |
|extractvalue|    p_user_fu_137   |    0    |    0    |
|          |    p_last_fu_142   |    0    |    0    |
|          |     p_id_fu_147    |    0    |    0    |
|          |    p_dest_fu_152   |    0    |    0    |
|----------|--------------------|---------|---------|
|partselect|      g_fu_157      |    0    |    0    |
|----------|--------------------|---------|---------|
|bitconcatenate|    tmp_1_fu_181    |    0    |    0    |
|----------|--------------------|---------|---------|
|   sext   |  sext_ln60_fu_191  |    0    |    0    |
|----------|--------------------|---------|---------|
|   Total  |                    |    0    |    23   |
|----------|--------------------|---------|---------|

Memories:
N/A

* Register list:
+-----------------+--------+
|                 |   FF   |
+-----------------+--------+
|  p_dest_reg_221 |    1   |
|   p_id_reg_216  |    1   |
|  p_keep_reg_196 |    3   |
|  p_last_reg_211 |    1   |
|  p_strb_reg_201 |    3   |
|  p_user_reg_206 |    1   |
|sext_ln60_reg_226|   24   |
+-----------------+--------+
|      Total      |   34   |
+-----------------+--------+

* Multiplexer (MUX) list: 
|-----------------|------|------|------|--------||---------||---------|
|       Comp      |  Pin | Size |  BW  | S x BW ||  Delay  ||   LUT   |
|-----------------|------|------|------|--------||---------||---------|
| grp_write_fu_98 |  p8  |   2  |  17  |   34   ||    9    |
| grp_write_fu_98 |  p9  |   2  |   3  |    6   ||    9    |
| grp_write_fu_98 |  p10 |   2  |   3  |    6   ||    9    |
| grp_write_fu_98 |  p11 |   2  |   1  |    2   ||    9    |
| grp_write_fu_98 |  p12 |   2  |   1  |    2   ||    9    |
| grp_write_fu_98 |  p13 |   2  |   1  |    2   ||    9    |
| grp_write_fu_98 |  p14 |   2  |   1  |    2   ||    9    |
|-----------------|------|------|------|--------||---------||---------|
|      Total      |      |      |      |   54   ||  11.116 ||    63   |
|-----------------|------|------|------|--------||---------||---------|



* Summary:
+-----------+--------+--------+--------+
|           |  Delay |   FF   |   LUT  |
+-----------+--------+--------+--------+
|  Function |    -   |    0   |   23   |
|   Memory  |    -   |    -   |    -   |
|Multiplexer|   11   |    -   |   63   |
|  Register |    -   |   34   |    -   |
+-----------+--------+--------+--------+
|   Total   |   11   |   34   |   86   |
+-----------+--------+--------+--------+
