C:\selected_topics_hdmi\pyzq\hw\hls_gray_ip\video_gray_live_prj\solution1\.autopilot\db\video_gray_live.pp.0.cpp:1446:7: warning: Added loop label VITIS_LOOP_1207_1:   [xilinx-label-all-loops]
      for (i = 0; i < __N - 1; ++i) {
      ^~~
      VITIS_LOOP_1207_1: 
C:\selected_topics_hdmi\pyzq\hw\hls_gray_ip\video_gray_live_prj\solution1\.autopilot\db\video_gray_live.pp.0.cpp:1446:7: note: FIX-IT applied suggested code changes
C:\selected_topics_hdmi\pyzq\hw\hls_gray_ip\video_gray_live_prj\solution1\.autopilot\db\video_gray_live.pp.0.cpp:2420:5: warning: Added loop label VITIS_LOOP_676_1:   [xilinx-label-all-loops]
    for (unsigned i = low; i != high; ++i) {
    ^~~
    VITIS_LOOP_676_1: 
C:\selected_topics_hdmi\pyzq\hw\hls_gray_ip\video_gray_live_prj\solution1\.autopilot\db\video_gray_live.pp.0.cpp:2420:5: note: FIX-IT applied suggested code changes
C:\selected_topics_hdmi\pyzq\hw\hls_gray_ip\video_gray_live_prj\solution1\.autopilot\db\video_gray_live.pp.0.cpp:2434:5: warning: Added loop label VITIS_LOOP_690_1:   [xilinx-label-all-loops]
    for (unsigned i = low; i != high; ++i) {
    ^~~
    VITIS_LOOP_690_1: 
C:\selected_topics_hdmi\pyzq\hw\hls_gray_ip\video_gray_live_prj\solution1\.autopilot\db\video_gray_live.pp.0.cpp:2434:5: note: FIX-IT applied suggested code changes
C:\selected_topics_hdmi\pyzq\hw\hls_gray_ip\video_gray_live_prj\solution1\.autopilot\db\video_gray_live.pp.0.cpp:2448:5: warning: Added loop label VITIS_LOOP_704_1:   [xilinx-label-all-loops]
    for (unsigned i = low; i != high; ++i) {
    ^~~
    VITIS_LOOP_704_1: 
C:\selected_topics_hdmi\pyzq\hw\hls_gray_ip\video_gray_live_prj\solution1\.autopilot\db\video_gray_live.pp.0.cpp:2448:5: note: FIX-IT applied suggested code changes
C:\selected_topics_hdmi\pyzq\hw\hls_gray_ip\video_gray_live_prj\solution1\.autopilot\db\video_gray_live.pp.0.cpp:4077:7: warning: Added loop label VITIS_LOOP_1247_1:   [xilinx-label-all-loops]
      for (i = 0; i < __N - 1; ++i) {
      ^~~
      VITIS_LOOP_1247_1: 
C:\selected_topics_hdmi\pyzq\hw\hls_gray_ip\video_gray_live_prj\solution1\.autopilot\db\video_gray_live.pp.0.cpp:4077:7: note: FIX-IT applied suggested code changes
C:\selected_topics_hdmi\pyzq\hw\hls_gray_ip\video_gray_live_prj\solution1\.autopilot\db\video_gray_live.pp.0.cpp:9766:51: error: Invalid Directive: for current device, ram_2p + bram is invalid combination for BIND_STORAGE's option 'type + impl' [clang-diagnostic-error]
#pragma HLS BIND_STORAGE variable=prev_frame type=ram_2p impl=bram
                                                  ^
C:\selected_topics_hdmi\pyzq\hw\hls_gray_ip\video_gray_live_prj\solution1\.autopilot\db\video_gray_live.pp.0.cpp:9773:5: warning: Added loop label VITIS_LOOP_31_1:   [xilinx-label-all-loops]
    while (1) {
    ^~~~~
    VITIS_LOOP_31_1: 
C:\selected_topics_hdmi\pyzq\hw\hls_gray_ip\video_gray_live_prj\solution1\.autopilot\db\video_gray_live.pp.0.cpp:9773:5: note: FIX-IT applied suggested code changes
