
*** Running vivado
    with args -log video_out_pynq_z2_video_gray_live_0_0.vds -m64 -product Vivado -mode batch -messageDb vivado.pb -notrace -source video_out_pynq_z2_video_gray_live_0_0.tcl


ECHO is off.
ECHO is off.

****** Vivado v2023.2 (64-bit)
  **** SW Build 4029153 on Fri Oct 13 20:14:34 MDT 2023
  **** IP Build 4028589 on Sat Oct 14 00:45:43 MDT 2023
  **** SharedData Build 4025554 on Tue Oct 10 17:18:54 MDT 2023
    ** Copyright 1986-2022 Xilinx, Inc. All Rights Reserved.
    ** Copyright 2022-2023 Advanced Micro Devices, Inc. All Rights Reserved.

source video_out_pynq_z2_video_gray_live_0_0.tcl -notrace
create_project: Time (s): cpu = 00:00:10 ; elapsed = 00:00:10 . Memory (MB): peak = 474.355 ; gain = 181.758
INFO: [IP_Flow 19-234] Refreshing IP repositories
INFO: [IP_Flow 19-1700] Loaded user IP repository 'c:/selected_BBlockmotion/pyzq/vivado-library'.
INFO: [IP_Flow 19-1700] Loaded user IP repository 'c:/selected_BBlockmotion/pyzq/hw/ip_repo'.
INFO: [IP_Flow 19-1700] Loaded user IP repository 'c:/selected_BBlockmotion/pyzq/hw/hls_gray_ip/hls_export/myip'.
INFO: [IP_Flow 19-2313] Loaded Vivado IP repository 'C:/Xilinx/Vivado/2023.2/data/ip'.
INFO: [IP_Flow 19-6924] IPCACHE: Running cache check for IP inst: video_out_pynq_z2_video_gray_live_0_0
Command: synth_design -top video_out_pynq_z2_video_gray_live_0_0 -part xc7z020clg400-1 -incremental_mode off -mode out_of_context
Starting synth_design
Attempting to get a license for feature 'Synthesis' and/or device 'xc7z020'
INFO: [Common 17-349] Got license for feature 'Synthesis' and/or device 'xc7z020'
INFO: [Device 21-403] Loading part xc7z020clg400-1
INFO: [Synth 8-7079] Multithreading enabled for synth_design using a maximum of 2 processes.
INFO: [Synth 8-7078] Launching helper process for spawning children vivado processes
INFO: [Synth 8-7075] Helper process launched with PID 84092
---------------------------------------------------------------------------------
Starting RTL Elaboration : Time (s): cpu = 00:00:08 ; elapsed = 00:00:08 . Memory (MB): peak = 1356.445 ; gain = 438.230
---------------------------------------------------------------------------------
INFO: [Synth 8-6157] synthesizing module 'video_out_pynq_z2_video_gray_live_0_0' [c:/selected_BBlockmotion/pyzq/hw/hw_proj/hw_proj.gen/sources_1/bd/video_out_pynq_z2/ip/video_out_pynq_z2_video_gray_live_0_0/synth/video_out_pynq_z2_video_gray_live_0_0.v:53]
INFO: [Synth 8-6157] synthesizing module 'video_gray_live' [c:/selected_BBlockmotion/pyzq/hw/hw_proj/hw_proj.gen/sources_1/bd/video_out_pynq_z2/ipshared/a500/hdl/verilog/video_gray_live.v:9]
INFO: [Synth 8-6157] synthesizing module 'video_gray_live_regslice_both' [c:/selected_BBlockmotion/pyzq/hw/hw_proj/hw_proj.gen/sources_1/bd/video_out_pynq_z2/ipshared/a500/hdl/verilog/video_gray_live_regslice_both.v:11]
INFO: [Synth 8-6155] done synthesizing module 'video_gray_live_regslice_both' (0#1) [c:/selected_BBlockmotion/pyzq/hw/hw_proj/hw_proj.gen/sources_1/bd/video_out_pynq_z2/ipshared/a500/hdl/verilog/video_gray_live_regslice_both.v:11]
INFO: [Synth 8-6157] synthesizing module 'video_gray_live_regslice_both__parameterized0' [c:/selected_BBlockmotion/pyzq/hw/hw_proj/hw_proj.gen/sources_1/bd/video_out_pynq_z2/ipshared/a500/hdl/verilog/video_gray_live_regslice_both.v:11]
INFO: [Synth 8-6155] done synthesizing module 'video_gray_live_regslice_both__parameterized0' (0#1) [c:/selected_BBlockmotion/pyzq/hw/hw_proj/hw_proj.gen/sources_1/bd/video_out_pynq_z2/ipshared/a500/hdl/verilog/video_gray_live_regslice_both.v:11]
INFO: [Synth 8-6157] synthesizing module 'video_gray_live_regslice_both__parameterized1' [c:/selected_BBlockmotion/pyzq/hw/hw_proj/hw_proj.gen/sources_1/bd/video_out_pynq_z2/ipshared/a500/hdl/verilog/video_gray_live_regslice_both.v:11]
INFO: [Synth 8-6155] done synthesizing module 'video_gray_live_regslice_both__parameterized1' (0#1) [c:/selected_BBlockmotion/pyzq/hw/hw_proj/hw_proj.gen/sources_1/bd/video_out_pynq_z2/ipshared/a500/hdl/verilog/video_gray_live_regslice_both.v:11]
INFO: [Synth 8-6155] done synthesizing module 'video_gray_live' (0#1) [c:/selected_BBlockmotion/pyzq/hw/hw_proj/hw_proj.gen/sources_1/bd/video_out_pynq_z2/ipshared/a500/hdl/verilog/video_gray_live.v:9]
INFO: [Synth 8-6155] done synthesizing module 'video_out_pynq_z2_video_gray_live_0_0' (0#1) [c:/selected_BBlockmotion/pyzq/hw/hw_proj/hw_proj.gen/sources_1/bd/video_out_pynq_z2/ip/video_out_pynq_z2_video_gray_live_0_0/synth/video_out_pynq_z2_video_gray_live_0_0.v:53]
---------------------------------------------------------------------------------
Finished RTL Elaboration : Time (s): cpu = 00:00:11 ; elapsed = 00:00:11 . Memory (MB): peak = 1471.559 ; gain = 553.344
---------------------------------------------------------------------------------
---------------------------------------------------------------------------------
Start Handling Custom Attributes
---------------------------------------------------------------------------------
---------------------------------------------------------------------------------
Finished Handling Custom Attributes : Time (s): cpu = 00:00:11 ; elapsed = 00:00:12 . Memory (MB): peak = 1471.559 ; gain = 553.344
---------------------------------------------------------------------------------
---------------------------------------------------------------------------------
Finished RTL Optimization Phase 1 : Time (s): cpu = 00:00:11 ; elapsed = 00:00:12 . Memory (MB): peak = 1471.559 ; gain = 553.344
---------------------------------------------------------------------------------
Netlist sorting complete. Time (s): cpu = 00:00:00 ; elapsed = 00:00:00.008 . Memory (MB): peak = 1471.559 ; gain = 0.000
INFO: [Project 1-570] Preparing netlist for logic optimization

Processing XDC Constraints
Initializing timing engine
Parsing XDC File [c:/selected_BBlockmotion/pyzq/hw/hw_proj/hw_proj.gen/sources_1/bd/video_out_pynq_z2/ip/video_out_pynq_z2_video_gray_live_0_0/constraints/video_gray_live_ooc.xdc] for cell 'inst'
Finished Parsing XDC File [c:/selected_BBlockmotion/pyzq/hw/hw_proj/hw_proj.gen/sources_1/bd/video_out_pynq_z2/ip/video_out_pynq_z2_video_gray_live_0_0/constraints/video_gray_live_ooc.xdc] for cell 'inst'
Parsing XDC File [C:/selected_BBlockmotion/pyzq/hw/hw_proj/hw_proj.runs/video_out_pynq_z2_video_gray_live_0_0_synth_1/dont_touch.xdc]
Finished Parsing XDC File [C:/selected_BBlockmotion/pyzq/hw/hw_proj/hw_proj.runs/video_out_pynq_z2_video_gray_live_0_0_synth_1/dont_touch.xdc]
Completed Processing XDC Constraints

Netlist sorting complete. Time (s): cpu = 00:00:00 ; elapsed = 00:00:00.001 . Memory (MB): peak = 1569.398 ; gain = 0.000
INFO: [Project 1-111] Unisim Transformation Summary:
No Unisim elements were transformed.

The system cannot find the path specified.
Constraint Validation Runtime : Time (s): cpu = 00:00:00 ; elapsed = 00:00:00.037 . Memory (MB): peak = 1569.434 ; gain = 0.035
INFO: [Designutils 20-5008] Incremental synthesis strategy off
---------------------------------------------------------------------------------
Finished Constraint Validation : Time (s): cpu = 00:00:24 ; elapsed = 00:00:25 . Memory (MB): peak = 1569.434 ; gain = 651.219
---------------------------------------------------------------------------------
---------------------------------------------------------------------------------
Start Loading Part and Timing Information
---------------------------------------------------------------------------------
Loading part: xc7z020clg400-1
---------------------------------------------------------------------------------
Finished Loading Part and Timing Information : Time (s): cpu = 00:00:24 ; elapsed = 00:00:25 . Memory (MB): peak = 1569.434 ; gain = 651.219
---------------------------------------------------------------------------------
---------------------------------------------------------------------------------
Start Applying 'set_property' XDC Constraints
---------------------------------------------------------------------------------
Applied set_property KEEP_HIERARCHY = SOFT for inst. (constraint file  C:/selected_BBlockmotion/pyzq/hw/hw_proj/hw_proj.runs/video_out_pynq_z2_video_gray_live_0_0_synth_1/dont_touch.xdc, line 9).
---------------------------------------------------------------------------------
Finished applying 'set_property' XDC Constraints : Time (s): cpu = 00:00:24 ; elapsed = 00:00:25 . Memory (MB): peak = 1569.434 ; gain = 651.219
---------------------------------------------------------------------------------
INFO: [Synth 8-4490] FSM extraction disabled for register 'ap_CS_fsm_reg' through user attribute
---------------------------------------------------------------------------------
Finished RTL Optimization Phase 2 : Time (s): cpu = 00:00:25 ; elapsed = 00:00:25 . Memory (MB): peak = 1569.434 ; gain = 651.219
---------------------------------------------------------------------------------
---------------------------------------------------------------------------------
Start RTL Component Statistics 
---------------------------------------------------------------------------------
Detailed RTL Component Info : 
+---Registers : 
	               24 Bit    Registers := 4     
	                3 Bit    Registers := 8     
	                2 Bit    Registers := 15    
	                1 Bit    Registers := 46    
+---Muxes : 
	   2 Input   24 Bit        Muxes := 2     
	   2 Input    3 Bit        Muxes := 4     
	   2 Input    2 Bit        Muxes := 14    
	   4 Input    2 Bit        Muxes := 14    
	   2 Input    1 Bit        Muxes := 23    
---------------------------------------------------------------------------------
Finished RTL Component Statistics 
---------------------------------------------------------------------------------
---------------------------------------------------------------------------------
Start Part Resource Summary
---------------------------------------------------------------------------------
Part Resources:
DSPs: 220 (col length:60)
BRAMs: 280 (col length: RAMB18 60 RAMB36 30)
---------------------------------------------------------------------------------
Finished Part Resource Summary
---------------------------------------------------------------------------------
---------------------------------------------------------------------------------
Start Cross Boundary and Area Optimization
---------------------------------------------------------------------------------
WARNING: [Synth 8-7080] Parallel synthesis criteria is not met
WARNING: [Synth 8-3936] Found unconnected internal register 'regslice_both_in_stream_V_data_V_U/B_V_data_1_payload_A_reg' and it is trimmed from '24' to '16' bits. [c:/selected_BBlockmotion/pyzq/hw/hw_proj/hw_proj.gen/sources_1/bd/video_out_pynq_z2/ipshared/a500/hdl/verilog/video_gray_live_regslice_both.v:87]
WARNING: [Synth 8-3936] Found unconnected internal register 'regslice_both_in_stream_V_data_V_U/B_V_data_1_payload_B_reg' and it is trimmed from '24' to '16' bits. [c:/selected_BBlockmotion/pyzq/hw/hw_proj/hw_proj.gen/sources_1/bd/video_out_pynq_z2/ipshared/a500/hdl/verilog/video_gray_live_regslice_both.v:93]
WARNING: [Synth 8-7129] Port in_stream_TDATA[23] in module video_gray_live is either unconnected or has no load
WARNING: [Synth 8-7129] Port in_stream_TDATA[22] in module video_gray_live is either unconnected or has no load
WARNING: [Synth 8-7129] Port in_stream_TDATA[21] in module video_gray_live is either unconnected or has no load
WARNING: [Synth 8-7129] Port in_stream_TDATA[20] in module video_gray_live is either unconnected or has no load
WARNING: [Synth 8-7129] Port in_stream_TDATA[19] in module video_gray_live is either unconnected or has no load
WARNING: [Synth 8-7129] Port in_stream_TDATA[18] in module video_gray_live is either unconnected or has no load
WARNING: [Synth 8-7129] Port in_stream_TDATA[17] in module video_gray_live is either unconnected or has no load
WARNING: [Synth 8-7129] Port in_stream_TDATA[16] in module video_gray_live is either unconnected or has no load
---------------------------------------------------------------------------------
Finished Cross Boundary and Area Optimization : Time (s): cpu = 00:00:28 ; elapsed = 00:00:28 . Memory (MB): peak = 1569.434 ; gain = 651.219
---------------------------------------------------------------------------------
---------------------------------------------------------------------------------
Start Applying XDC Timing Constraints
---------------------------------------------------------------------------------
---------------------------------------------------------------------------------
Finished Applying XDC Timing Constraints : Time (s): cpu = 00:00:35 ; elapsed = 00:00:36 . Memory (MB): peak = 1569.434 ; gain = 651.219
---------------------------------------------------------------------------------
---------------------------------------------------------------------------------
Start Timing Optimization
---------------------------------------------------------------------------------
---------------------------------------------------------------------------------
Finished Timing Optimization : Time (s): cpu = 00:00:35 ; elapsed = 00:00:36 . Memory (MB): peak = 1569.434 ; gain = 651.219
---------------------------------------------------------------------------------
---------------------------------------------------------------------------------
Start Technology Mapping
---------------------------------------------------------------------------------
---------------------------------------------------------------------------------
Finished Technology Mapping : Time (s): cpu = 00:00:35 ; elapsed = 00:00:36 . Memory (MB): peak = 1569.434 ; gain = 651.219
---------------------------------------------------------------------------------
---------------------------------------------------------------------------------
Start IO Insertion
---------------------------------------------------------------------------------
---------------------------------------------------------------------------------
Start Flattening Before IO Insertion
---------------------------------------------------------------------------------
---------------------------------------------------------------------------------
Finished Flattening Before IO Insertion
---------------------------------------------------------------------------------
---------------------------------------------------------------------------------
Start Final Netlist Cleanup
---------------------------------------------------------------------------------
---------------------------------------------------------------------------------
Finished Final Netlist Cleanup
---------------------------------------------------------------------------------
---------------------------------------------------------------------------------
Finished IO Insertion : Time (s): cpu = 00:00:43 ; elapsed = 00:00:44 . Memory (MB): peak = 1569.434 ; gain = 651.219
---------------------------------------------------------------------------------
---------------------------------------------------------------------------------
Start Renaming Generated Instances
---------------------------------------------------------------------------------
---------------------------------------------------------------------------------
Finished Renaming Generated Instances : Time (s): cpu = 00:00:43 ; elapsed = 00:00:44 . Memory (MB): peak = 1569.434 ; gain = 651.219
---------------------------------------------------------------------------------
---------------------------------------------------------------------------------
Start Rebuilding User Hierarchy
---------------------------------------------------------------------------------
---------------------------------------------------------------------------------
Finished Rebuilding User Hierarchy : Time (s): cpu = 00:00:43 ; elapsed = 00:00:44 . Memory (MB): peak = 1569.434 ; gain = 651.219
---------------------------------------------------------------------------------
---------------------------------------------------------------------------------
Start Renaming Generated Ports
---------------------------------------------------------------------------------
---------------------------------------------------------------------------------
Finished Renaming Generated Ports : Time (s): cpu = 00:00:43 ; elapsed = 00:00:44 . Memory (MB): peak = 1569.434 ; gain = 651.219
---------------------------------------------------------------------------------
---------------------------------------------------------------------------------
Start Handling Custom Attributes
---------------------------------------------------------------------------------
---------------------------------------------------------------------------------
Finished Handling Custom Attributes : Time (s): cpu = 00:00:43 ; elapsed = 00:00:44 . Memory (MB): peak = 1569.434 ; gain = 651.219
---------------------------------------------------------------------------------
---------------------------------------------------------------------------------
Start Renaming Generated Nets
---------------------------------------------------------------------------------
---------------------------------------------------------------------------------
Finished Renaming Generated Nets : Time (s): cpu = 00:00:43 ; elapsed = 00:00:44 . Memory (MB): peak = 1569.434 ; gain = 651.219
---------------------------------------------------------------------------------
---------------------------------------------------------------------------------
Start Writing Synthesis Report
---------------------------------------------------------------------------------

Report BlackBoxes: 
+-+--------------+----------+
| |BlackBox name |Instances |
+-+--------------+----------+
+-+--------------+----------+

Report Cell Usage: 
+------+-----+------+
|      |Cell |Count |
+------+-----+------+
|1     |LUT1 |     1|
|2     |LUT2 |     5|
|3     |LUT3 |    43|
|4     |LUT4 |    15|
|5     |LUT5 |    55|
|6     |LUT6 |    10|
|7     |FDRE |   106|
|8     |FDSE |     1|
+------+-----+------+
---------------------------------------------------------------------------------
Finished Writing Synthesis Report : Time (s): cpu = 00:00:43 ; elapsed = 00:00:44 . Memory (MB): peak = 1569.434 ; gain = 651.219
---------------------------------------------------------------------------------
Synthesis finished with 0 errors, 0 critical warnings and 11 warnings.
Synthesis Optimization Runtime : Time (s): cpu = 00:00:29 ; elapsed = 00:00:41 . Memory (MB): peak = 1569.434 ; gain = 553.344
Synthesis Optimization Complete : Time (s): cpu = 00:00:43 ; elapsed = 00:00:44 . Memory (MB): peak = 1569.434 ; gain = 651.219
INFO: [Project 1-571] Translating synthesized netlist
Netlist sorting complete. Time (s): cpu = 00:00:00 ; elapsed = 00:00:00.002 . Memory (MB): peak = 1569.434 ; gain = 0.000
INFO: [Project 1-570] Preparing netlist for logic optimization
INFO: [Opt 31-138] Pushed 0 inverter(s) to 0 load pin(s).
Netlist sorting complete. Time (s): cpu = 00:00:00 ; elapsed = 00:00:00 . Memory (MB): peak = 1569.434 ; gain = 0.000
INFO: [Project 1-111] Unisim Transformation Summary:
No Unisim elements were transformed.

The system cannot find the path specified.
Synth Design complete | Checksum: cb48c737
INFO: [Common 17-83] Releasing license: Synthesis
30 Infos, 11 Warnings, 0 Critical Warnings and 0 Errors encountered.
synth_design completed successfully
synth_design: Time (s): cpu = 00:00:49 ; elapsed = 00:00:51 . Memory (MB): peak = 1569.434 ; gain = 1072.613
Write ShapeDB Complete: Time (s): cpu = 00:00:00 ; elapsed = 00:00:00.001 . Memory (MB): peak = 1569.434 ; gain = 0.000
INFO: [Common 17-1381] The checkpoint 'C:/selected_BBlockmotion/pyzq/hw/hw_proj/hw_proj.runs/video_out_pynq_z2_video_gray_live_0_0_synth_1/video_out_pynq_z2_video_gray_live_0_0.dcp' has been generated.
INFO: [Coretcl 2-1648] Added synthesis output to IP cache for IP video_out_pynq_z2_video_gray_live_0_0, cache-ID = 6f33ec5c06b479eb
INFO: [Coretcl 2-1174] Renamed 15 cell refs.
Write ShapeDB Complete: Time (s): cpu = 00:00:00 ; elapsed = 00:00:00.001 . Memory (MB): peak = 1569.434 ; gain = 0.000
INFO: [Common 17-1381] The checkpoint 'C:/selected_BBlockmotion/pyzq/hw/hw_proj/hw_proj.runs/video_out_pynq_z2_video_gray_live_0_0_synth_1/video_out_pynq_z2_video_gray_live_0_0.dcp' has been generated.
INFO: [runtcl-4] Executing : report_utilization -file video_out_pynq_z2_video_gray_live_0_0_utilization_synth.rpt -pb video_out_pynq_z2_video_gray_live_0_0_utilization_synth.pb
INFO: [Common 17-206] Exiting Vivado at Thu May  7 23:24:52 2026...
