

================================================================
== Synthesis Summary Report of 'video_gray_live'
================================================================
+ General Information: 
    * Date:           Thu May  7 17:54:22 2026
    * Version:        2023.2 (Build 4023990 on Oct 11 2023)
    * Project:        video_gray_live_prj
    * Solution:       solution1 (Vivado IP Flow Target)
    * Product family: zynq
    * Target device:  xc7z020-clg400-1
    

+ Performance & Resource Estimates: 
    
    PS: '+' for module; 'o' for loop; '*' for dataflow
    +--------------------+------+------+---------+--------+----------+---------+------+----------+------+----+---------+----------+-----+
    |       Modules      | Issue|      | Latency | Latency| Iteration|         | Trip |          |      |    |         |          |     |
    |       & Loops      | Type | Slack| (cycles)|  (ns)  |  Latency | Interval| Count| Pipelined| BRAM | DSP|    FF   |    LUT   | URAM|
    +--------------------+------+------+---------+--------+----------+---------+------+----------+------+----+---------+----------+-----+
    |+ video_gray_live   |     -|  2.39|        -|       -|         -|        -|     -|        no|     -|   -|  4 (~0%)|  68 (~0%)|    -|
    | o VITIS_LOOP_31_1  |     -|  7.30|        -|       -|         2|        1|     -|       yes|     -|   -|        -|         -|    -|
    +--------------------+------+------+---------+--------+----------+---------+------+----------+------+----+---------+----------+-----+


================================================================
== HW Interfaces
================================================================
* AXIS
+------------+-----------+---------------+-------+-------+-----+-------+-------+--------+-------+-------+--------+
| Interface  | Direction | Register Mode | TDATA | TDEST | TID | TKEEP | TLAST | TREADY | TSTRB | TUSER | TVALID |
+------------+-----------+---------------+-------+-------+-----+-------+-------+--------+-------+-------+--------+
| in_stream  | in        | both          | 24    | 1     | 1   | 3     | 1     | 1      | 3     | 1     | 1      |
| out_stream | out       | both          | 24    | 1     | 1   | 3     | 1     | 1      | 3     | 1     | 1      |
+------------+-----------+---------------+-------+-------+-----+-------+-------+--------+-------+-------+--------+

* TOP LEVEL CONTROL
+-----------+--------------+----------+
| Interface | Type         | Ports    |
+-----------+--------------+----------+
| ap_clk    | clock        | ap_clk   |
| ap_rst_n  | reset        | ap_rst_n |
| ap_ctrl   | ap_ctrl_none |          |
+-----------+--------------+----------+


================================================================
== SW I/O Information
================================================================
* Top Function Arguments
+------------+-----------+---------------------------------------------------------+
| Argument   | Direction | Datatype                                                |
+------------+-----------+---------------------------------------------------------+
| in_stream  | in        | stream<hls::axis<ap_uint<24>, 1, 1, 1, '8', false>, 0>& |
| out_stream | out       | stream<hls::axis<ap_uint<24>, 1, 1, 1, '8', false>, 0>& |
+------------+-----------+---------------------------------------------------------+

* SW-to-HW Mapping
+------------+--------------+-----------+
| Argument   | HW Interface | HW Type   |
+------------+--------------+-----------+
| in_stream  | in_stream    | interface |
| out_stream | out_stream   | interface |
+------------+--------------+-----------+


================================================================
== Bind Op Report
================================================================
  No bind op info in design

================================================================
== Storage Report
================================================================
  No bind storage info in design

================================================================
== Pragma Report
================================================================
* Valid Pragma Syntax
+--------------+-------------------------------------------+-------------------------------------------------------+
| Type         | Options                                   | Location                                              |
+--------------+-------------------------------------------+-------------------------------------------------------+
| interface    | axis port=in_stream                       | video_gray_live.cpp:19 in video_gray_live, in_stream  |
| interface    | axis port=out_stream                      | video_gray_live.cpp:20 in video_gray_live, out_stream |
| interface    | ap_ctrl_none port=return                  | video_gray_live.cpp:21 in video_gray_live, return     |
| bind_storage | variable=prev_frame type=ram_2p impl=bram | video_gray_live.cpp:24 in video_gray_live, prev_frame |
| pipeline     | II=1                                      | video_gray_live.cpp:32 in video_gray_live             |
+--------------+-------------------------------------------+-------------------------------------------------------+


