================================================================
== Design Size Report
================================================================

* Total Instructions per Compilation Phase
+---------------+-----------------------------+--------------+----------------------------------------------------------------------------------------+
| Phase         | Step                        | Instructions | Description                                                                            |
+---------------+-----------------------------+--------------+----------------------------------------------------------------------------------------+
| Compile/Link  |                             | 1,409        | After all functions are compiled and linked into a single design                       |
|               |                             |              |                                                                                        |
| Unroll/Inline |                             |              | After user unroll and inline pragmas are applied                                       |
|               | (1) unroll                  |   201        | user unroll pragmas are applied                                                        |
|               | (2) simplification          |   159        | simplification of applied user unroll pragmas                                          |
|               | (3) inline                  |   159        | user inline pragmas are applied                                                        |
|               | (4) simplification          |   159        | simplification of applied user inline pragmas                                          |
|               |                             |              |                                                                                        |
| Array/Struct  |                             |              | After user array partition and struct aggregate/disaggregate pragmas are applied       |
|               | (1) array partition         |   113        | user array partition pragmas are applied                                               |
|               | (2) simplification          |   113        | simplification of applied user array partition & struct aggregate/disaggregate pragmas |
|               | (3) aggregate/disaggregate  |   113        | user struct aggregate/disaggregate pragmas are applied                                 |
|               | (4) array reshape           |   113        | apply array reshape pragmas                                                            |
|               | (5) access patterns         |   225        | array access pattern optmizations                                                      |
|               |                             |              |                                                                                        |
| Performance   |                             |              | After transformations are applied to meet performance pragma targets                   |
|               | (1) loop simplification     |   239        | loop and instruction simplification                                                    |
|               | (2) parallelization         |   225        | loops are unrolled or pipelined to meet performance targets                            |
|               | (3) array partition         |   127        | arrays are partitioned to meet performance targets                                     |
|               | (4) simplification          |   127        | simplification of design after performance transformations                             |
|               |                             |              |                                                                                        |
| HW Transforms |                             |              | After hardware transfomations                                                          |
|               | (1) lowering                |    87        | initial conversion to HW specific instructions                                         |
|               | (2) optimizations           |    61        | high level synthesis optimizations                                                     |
+---------------+-----------------------------+--------------+----------------------------------------------------------------------------------------+

* Instructions per Function for each Compilation Phase
+-------------------+------------------------+--------------+---------------+--------------+-------------+---------------+
| Function          | Location               | Compile/Link | Unroll/Inline | Array/Struct | Performance | HW Transforms |
+-------------------+------------------------+--------------+---------------+--------------+-------------+---------------+
|   video_gray_live | video_gray_live.cpp:15 | 1,409        | 159           | 225          | 127         | 61            |
+-------------------+------------------------+--------------+---------------+--------------+-------------+---------------+

* Design Size Message Settings
+---------------------------------------------+--------+------------------------------------------------------------------+
| Message Setting                             | Value  | Description                                                      |
+---------------------------------------------+--------+------------------------------------------------------------------+
| config_compile -design_size_maximum_warning | 100000 | Show a warning when total design instructions exceeds this value |
+---------------------------------------------+--------+------------------------------------------------------------------+


